Archive member included to satisfy reference by file (symbol)

e:/stm32cubeide_1.11.0/stm32cubeide/plugins/com.st.stm32cube.ide.mcu.externaltools.gnu-tools-for-stm32.10.3-2021.10.win32_1.0.100.202210260954/tools/bin/../lib/gcc/arm-none-eabi/10.3.1/../../../../arm-none-eabi/lib/thumb/v7-m/nofp\libc_nano.a(lib_a-errno.o)
                              ./Core/Src/syscalls.o (__errno)
e:/stm32cubeide_1.11.0/stm32cubeide/plugins/com.st.stm32cube.ide.mcu.externaltools.gnu-tools-for-stm32.10.3-2021.10.win32_1.0.100.202210260954/tools/bin/../lib/gcc/arm-none-eabi/10.3.1/../../../../arm-none-eabi/lib/thumb/v7-m/nofp\libc_nano.a(lib_a-exit.o)
                              e:/stm32cubeide_1.11.0/stm32cubeide/plugins/com.st.stm32cube.ide.mcu.externaltools.gnu-tools-for-stm32.10.3-2021.10.win32_1.0.100.202210260954/tools/bin/../lib/gcc/arm-none-eabi/10.3.1/../../../../arm-none-eabi/lib/thumb/v7-m/nofp/crt0.o (exit)
e:/stm32cubeide_1.11.0/stm32cubeide/plugins/com.st.stm32cube.ide.mcu.externaltools.gnu-tools-for-stm32.10.3-2021.10.win32_1.0.100.202210260954/tools/bin/../lib/gcc/arm-none-eabi/10.3.1/../../../../arm-none-eabi/lib/thumb/v7-m/nofp\libc_nano.a(lib_a-impure.o)
                              e:/stm32cubeide_1.11.0/stm32cubeide/plugins/com.st.stm32cube.ide.mcu.externaltools.gnu-tools-for-stm32.10.3-2021.10.win32_1.0.100.202210260954/tools/bin/../lib/gcc/arm-none-eabi/10.3.1/../../../../arm-none-eabi/lib/thumb/v7-m/nofp\libc_nano.a(lib_a-exit.o) (_global_impure_ptr)
e:/stm32cubeide_1.11.0/stm32cubeide/plugins/com.st.stm32cube.ide.mcu.externaltools.gnu-tools-for-stm32.10.3-2021.10.win32_1.0.100.202210260954/tools/bin/../lib/gcc/arm-none-eabi/10.3.1/../../../../arm-none-eabi/lib/thumb/v7-m/nofp\libc_nano.a(lib_a-init.o)
                              e:/stm32cubeide_1.11.0/stm32cubeide/plugins/com.st.stm32cube.ide.mcu.externaltools.gnu-tools-for-stm32.10.3-2021.10.win32_1.0.100.202210260954/tools/bin/../lib/gcc/arm-none-eabi/10.3.1/../../../../arm-none-eabi/lib/thumb/v7-m/nofp/crt0.o (__libc_init_array)
e:/stm32cubeide_1.11.0/stm32cubeide/plugins/com.st.stm32cube.ide.mcu.externaltools.gnu-tools-for-stm32.10.3-2021.10.win32_1.0.100.202210260954/tools/bin/../lib/gcc/arm-none-eabi/10.3.1/../../../../arm-none-eabi/lib/thumb/v7-m/nofp\libc_nano.a(lib_a-memset.o)
                              e:/stm32cubeide_1.11.0/stm32cubeide/plugins/com.st.stm32cube.ide.mcu.externaltools.gnu-tools-for-stm32.10.3-2021.10.win32_1.0.100.202210260954/tools/bin/../lib/gcc/arm-none-eabi/10.3.1/../../../../arm-none-eabi/lib/thumb/v7-m/nofp/crt0.o (memset)
e:/stm32cubeide_1.11.0/stm32cubeide/plugins/com.st.stm32cube.ide.mcu.externaltools.gnu-tools-for-stm32.10.3-2021.10.win32_1.0.100.202210260954/tools/bin/../lib/gcc/arm-none-eabi/10.3.1/../../../../arm-none-eabi/lib/thumb/v7-m/nofp\libc_nano.a(lib_a-strlen.o)
                              ./Core/Src/w5500_interface.o (strlen)

Discarded input sections

 .text          0x0000000000000000        0x0 e:/stm32cubeide_1.11.0/stm32cubeide/plugins/com.st.stm32cube.ide.mcu.externaltools.gnu-tools-for-stm32.10.3-2021.10.win32_1.0.100.202210260954/tools/bin/../lib/gcc/arm-none-eabi/10.3.1/thumb/v7-m/nofp/crti.o
 .data          0x0000000000000000        0x0 e:/stm32cubeide_1.11.0/stm32cubeide/plugins/com.st.stm32cube.ide.mcu.externaltools.gnu-tools-for-stm32.10.3-2021.10.win32_1.0.100.202210260954/tools/bin/../lib/gcc/arm-none-eabi/10.3.1/thumb/v7-m/nofp/crti.o
 .bss           0x0000000000000000        0x0 e:/stm32cubeide_1.11.0/stm32cubeide/plugins/com.st.stm32cube.ide.mcu.externaltools.gnu-tools-for-stm32.10.3-2021.10.win32_1.0.100.202210260954/tools/bin/../lib/gcc/arm-none-eabi/10.3.1/thumb/v7-m/nofp/crti.o
 .data          0x0000000000000000        0x4 e:/stm32cubeide_1.11.0/stm32cubeide/plugins/com.st.stm32cube.ide.mcu.externaltools.gnu-tools-for-stm32.10.3-2021.10.win32_1.0.100.202210260954/tools/bin/../lib/gcc/arm-none-eabi/10.3.1/thumb/v7-m/nofp/crtbegin.o
 .rodata        0x0000000000000000       0x24 e:/stm32cubeide_1.11.0/stm32cubeide/plugins/com.st.stm32cube.ide.mcu.externaltools.gnu-tools-for-stm32.10.3-2021.10.win32_1.0.100.202210260954/tools/bin/../lib/gcc/arm-none-eabi/10.3.1/thumb/v7-m/nofp/crtbegin.o
 .text          0x0000000000000000       0x7c e:/stm32cubeide_1.11.0/stm32cubeide/plugins/com.st.stm32cube.ide.mcu.externaltools.gnu-tools-for-stm32.10.3-2021.10.win32_1.0.100.202210260954/tools/bin/../lib/gcc/arm-none-eabi/10.3.1/../../../../arm-none-eabi/lib/thumb/v7-m/nofp/crt0.o
 .data          0x0000000000000000        0x0 e:/stm32cubeide_1.11.0/stm32cubeide/plugins/com.st.stm32cube.ide.mcu.externaltools.gnu-tools-for-stm32.10.3-2021.10.win32_1.0.100.202210260954/tools/bin/../lib/gcc/arm-none-eabi/10.3.1/../../../../arm-none-eabi/lib/thumb/v7-m/nofp/crt0.o
[...]
Memory Configuration

Name             Origin             Length             Attributes
RAM              0x0000000020000000 0x0000000000005000 xrw
FLASH            0x0000000008000000 0x0000000000010000 xr
*default*        0x0000000000000000 0xffffffffffffffff

Linker script and memory map

LOAD e:/stm32cubeide_1.11.0/stm32cubeide/plugins/com.st.stm32cube.ide.mcu.externaltools.gnu-tools-for-stm32.10.3-2021.10.win32_1.0.100.202210260954/tools/bin/../lib/gcc/arm-none-eabi/10.3.1/thumb/v7-m/nofp/crti.o
LOAD e:/stm32cubeide_1.11.0/stm32cubeide/plugins/com.st.stm32cube.ide.mcu.externaltools.gnu-tools-for-stm32.10.3-2021.10.win32_1.0.100.202210260954/tools/bin/../lib/gcc/arm-none-eabi/10.3.1/thumb/v7-m/nofp/crtbegin.o
LOAD e:/stm32cubeide_1.11.0/stm32cubeide/plugins/com.st.stm32cube.ide.mcu.externaltools.gnu-tools-for-stm32.10.3-2021.10.win32_1.0.100.202210260954/tools/bin/../lib/gcc/arm-none-eabi/10.3.1/../../../../arm-none-eabi/lib/thumb/v7-m/nofp/crt0.o
LOAD ./Core/Src/main.o
LOAD ./Core/Src/socket.o
LOAD ./Core/Src/stm32f1xx_hal_msp.o
LOAD ./Core/Src/stm32f1xx_it.o
LOAD ./Core/Src/syscalls.o
LOAD ./Core/Src/sysmem.o
LOAD ./Core/Src/system_stm32f1xx.o
LOAD ./Core/Src/w5500.o
LOAD ./Core/Src/w5500_interface.o
LOAD ./Core/Src/wizchip_conf.o
LOAD ./Core/Startup/startup_stm32f103c8tx.o
LOAD ./Drivers/STM32F1xx_HAL_Driver/Src/stm32f1xx_hal.o
LOAD ./Drivers/STM32F1xx_HAL_Driver/Src/stm32f1xx_hal_cortex.o
LOAD ./Drivers/STM32F1xx_HAL_Driver/Src/stm32f1xx_hal_dma.o
LOAD ./Drivers/STM32F1xx_HAL_Driver/Src/stm32f1xx_hal_exti.o
LOAD ./Drivers/STM32F1xx_HAL_Driver/Src/stm32f1xx_hal_flash.o
LOAD ./Drivers/STM32F1xx_HAL_Driver/Src/stm32f1xx_hal_flash_ex.o
LOAD ./Drivers/STM32F1xx_HAL_Driver/Src/stm32f1xx_hal_gpio.o
LOAD ./Drivers/STM32F1xx_HAL_Driver/Src/stm32f1xx_hal_gpio_ex.o
LOAD ./Drivers/STM32F1xx_HAL_Driver/Src/stm32f1xx_hal_pwr.o
LOAD ./Drivers/STM32F1xx_HAL_Driver/Src/stm32f1xx_hal_rcc.o
LOAD ./Drivers/STM32F1xx_HAL_Driver/Src/stm32f1xx_hal_rcc_ex.o
LOAD ./Drivers/STM32F1xx_HAL_Driver/Src/stm32f1xx_hal_spi.o
START GROUP
LOAD e:/stm32cubeide_1.11.0/stm32cubeide/plugins/com.st.stm32cube.ide.mcu.externaltools.gnu-tools-for-stm32.10.3-2021.10.win32_1.0.100.202210260954/tools/bin/../lib/gcc/arm-none-eabi/10.3.1/../../../../arm-none-eabi/lib/thumb/v7-m/nofp\libc_nano.a
LOAD e:/stm32cubeide_1.11.0/stm32cubeide/plugins/com.st.stm32cube.ide.mcu.externaltools.gnu-tools-for-stm32.10.3-2021.10.win32_1.0.100.202210260954/tools/bin/../lib/gcc/arm-none-eabi/10.3.1/../../../../arm-none-eabi/lib/thumb/v7-m/nofp\libm.a
END GROUP
START GROUP
LOAD e:/stm32cubeide_1.11.0/stm32cubeide/plugins/com.st.stm32cube.ide.mcu.externaltools.gnu-tools-for-stm32.10.3-2021.10.win32_1.0.100.202210260954/tools/bin/../lib/gcc/arm-none-eabi/10.3.1/thumb/v7-m/nofp\libgcc.a
LOAD e:/stm32cubeide_1.11.0/stm32cubeide/plugins/com.st.stm32cube.ide.mcu.externaltools.gnu-tools-for-stm32.10.3-2021.10.win32_1.0.100.202210260954/tools/bin/../lib/gcc/arm-none-eabi/10.3.1/../../../../arm-none-eabi/lib/thumb/v7-m/nofp\libc_nano.a
END GROUP
START GROUP
LOAD e:/stm32cubeide_1.11.0/stm32cubeide/plugins/com.st.stm32cube.ide.mcu.externaltools.gnu-tools-for-stm32.10.3-2021.10.win32_1.0.100.202210260954/tools/bin/../lib/gcc/arm-none-eabi/10.3.1/thumb/v7-m/nofp\libgcc.a
LOAD e:/stm32cubeide_1.11.0/stm32cubeide/plugins/com.st.stm32cube.ide.mcu.externaltools.gnu-tools-for-stm32.10.3-2021.10.win32_1.0.100.202210260954/tools/bin/../lib/gcc/arm-none-eabi/10.3.1/../../../../arm-none-eabi/lib/thumb/v7-m/nofp\libc_nano.a
LOAD e:/stm32cubeide_1.11.0/stm32cubeide/plugins/com.st.stm32cube.ide.mcu.externaltools.gnu-tools-for-stm32.10.3-2021.10.win32_1.0.100.202210260954/tools/bin/../lib/gcc/arm-none-eabi/10.3.1/../../../../arm-none-eabi/lib/thumb/v7-m/nofp\libnosys.a
END GROUP
START GROUP
LOAD e:/stm32cubeide_1.11.0/stm32cubeide/plugins/com.st.stm32cube.ide.mcu.externaltools.gnu-tools-for-stm32.10.3-2021.10.win32_1.0.100.202210260954/tools/bin/../lib/gcc/arm-none-eabi/10.3.1/thumb/v7-m/nofp\libgcc.a
LOAD e:/stm32cubeide_1.11.0/stm32cubeide/plugins/com.st.stm32cube.ide.mcu.externaltools.gnu-tools-for-stm32.10.3-2021.10.win32_1.0.100.202210260954/tools/bin/../lib/gcc/arm-none-eabi/10.3.1/../../../../arm-none-eabi/lib/thumb/v7-m/nofp\libc_nano.a
LOAD e:/stm32cubeide_1.11.0/stm32cubeide/plugins/com.st.stm32cube.ide.mcu.externaltools.gnu-tools-for-stm32.10.3-2021.10.win32_1.0.100.202210260954/tools/bin/../lib/gcc/arm-none-eabi/10.3.1/../../../../arm-none-eabi/lib/thumb/v7-m/nofp\libnosys.a
END GROUP
LOAD e:/stm32cubeide_1.11.0/stm32cubeide/plugins/com.st.stm32cube.ide.mcu.externaltools.gnu-tools-for-stm32.10.3-2021.10.win32_1.0.100.202210260954/tools/bin/../lib/gcc/arm-none-eabi/10.3.1/thumb/v7-m/nofp/crtend.o
LOAD e:/stm32cubeide_1.11.0/stm32cubeide/plugins/com.st.stm32cube.ide.mcu.externaltools.gnu-tools-for-stm32.10.3-2021.10.win32_1.0.100.202210260954/tools/bin/../lib/gcc/arm-none-eabi/10.3.1/thumb/v7-m/nofp/crtn.o
                0x0000000020005000                _estack = (ORIGIN (RAM) + LENGTH (RAM))
                0x0000000000000200                _Min_Heap_Size = 0x200
                0x0000000000000400                _Min_Stack_Size = 0x400

.isr_vector     0x0000000008000000      0x10c
                0x0000000008000000                . = ALIGN (0x4)
 *(.isr_vector)
 .isr_vector    0x0000000008000000      0x10c ./Core/Startup/startup_stm32f103c8tx.o
                0x0000000008000000                g_pfnVectors
                0x000000000800010c                . = ALIGN (0x4)

.text           0x000000000800010c     0x2ae8
                0x000000000800010c                . = ALIGN (0x4)
 *(.text)
 .text          0x000000000800010c       0x40 e:/stm32cubeide_1.11.0/stm32cubeide/plugins/com.st.stm32cube.ide.mcu.externaltools.gnu-tools-for-stm32.10.3-2021.10.win32_1.0.100.202210260954/tools/bin/../lib/gcc/arm-none-eabi/10.3.1/thumb/v7-m/nofp/crtbegin.o
 .text          0x000000000800014c       0x10 e:/stm32cubeide_1.11.0/stm32cubeide/plugins/com.st.stm32cube.ide.mcu.externaltools.gnu-tools-for-stm32.10.3-2021.10.win32_1.0.100.202210260954/tools/bin/../lib/gcc/arm-none-eabi/10.3.1/../../../../arm-none-eabi/lib/thumb/v7-m/nofp\libc_nano.a(lib_a-strlen.o)
                0x000000000800014c                strlen
 *(.text*)
 .text.main     0x000000000800015c       0xa0 ./Core/Src/main.o
                0x000000000800015c                main
 .text.socket   0x00000000080001fc      0x22c ./Core/Src/socket.o
                0x00000000080001fc                socket
 .text.close    0x0000000008000428       0xdc ./Core/Src/socket.o
                0x0000000008000428                close
 .text.sendto   0x0000000008000504      0x26c ./Core/Src/socket.o
                0x0000000008000504                sendto
 .text.HAL_MspInit
                0x0000000008000770       0x44 ./Core/Src/stm32f1xx_hal_msp.o
                0x0000000008000770                HAL_MspInit
 .text.HAL_SPI_MspInit
                0x00000000080007b4       0x94 ./Core/Src/stm32f1xx_hal_msp.o
                0x00000000080007b4                HAL_SPI_MspInit
 .text.NMI_Handler
                0x0000000008000848        0x6 ./Core/Src/stm32f1xx_it.o
                0x0000000008000848                NMI_Handler
 .text.HardFault_Handler
                0x000000000800084e        0x6 ./Core/Src/stm32f1xx_it.o
                0x000000000800084e                HardFault_Handler
 .text.MemManage_Handler
                0x0000000008000854        0x6 ./Core/Src/stm32f1xx_it.o
                0x0000000008000854                MemManage_Handler
 .text.BusFault_Handler
                0x000000000800085a        0x6 ./Core/Src/stm32f1xx_it.o
                0x000000000800085a                BusFault_Handler
 .text.UsageFault_Handler
                0x0000000008000860        0x6 ./Core/Src/stm32f1xx_it.o
                0x0000000008000860                UsageFault_Handler
 .text.SVC_Handler
                0x0000000008000866        0xc ./Core/Src/stm32f1xx_it.o
                0x0000000008000866                SVC_Handler
 .text.DebugMon_Handler
                0x0000000008000872        0xc ./Core/Src/stm32f1xx_it.o
                0x0000000008000872                DebugMon_Handler
 .text.PendSV_Handler
                0x000000000800087e        0xc ./Core/Src/stm32f1xx_it.o
                0x000000000800087e                PendSV_Handler
 .text.SysTick_Handler
                0x000000000800088a        0xc ./Core/Src/stm32f1xx_it.o
                0x000000000800088a                SysTick_Handler
 .text.SystemInit
                0x0000000008000896        0xc ./Core/Src/system_stm32f1xx.o
                0x0000000008000896                SystemInit
 *fill*         0x00000000080008a2        0x2 
 .text.WIZCHIP_READ
                0x00000000080008a4       0x98 ./Core/Src/w5500.o
                0x00000000080008a4                WIZCHIP_READ
 .text.WIZCHIP_WRITE
                0x000000000800093c       0x9c ./Core/Src/w5500.o
                0x000000000800093c                WIZCHIP_WRITE
 .text.WIZCHIP_READ_BUF
                0x00000000080009d8       0xc0 ./Core/Src/w5500.o
                0x00000000080009d8                WIZCHIP_READ_BUF
 .text.WIZCHIP_WRITE_BUF
                0x0000000008000a98       0xc0 ./Core/Src/w5500.o
                0x0000000008000a98                WIZCHIP_WRITE_BUF
 .text.getSn_TX_FSR
                0x0000000008000b58       0x96 ./Core/Src/w5500.o
                0x0000000008000b58                getSn_TX_FSR
 .text.wiz_send_data
                0x0000000008000bee       0xb8 ./Core/Src/w5500.o
                0x0000000008000bee                wiz_send_data
 *fill*         0x0000000008000ca6        0x2 
 .text.cs_sel   0x0000000008000ca8       0x18 ./Core/Src/w5500_interface.o
                0x0000000008000ca8                cs_sel
 .text.cs_desel
                0x0000000008000cc0       0x18 ./Core/Src/w5500_interface.o
                0x0000000008000cc0                cs_desel
 .text.spi_rb   0x0000000008000cd8       0x24 ./Core/Src/w5500_interface.o
                0x0000000008000cd8                spi_rb
 .text.spi_wb   0x0000000008000cfc       0x24 ./Core/Src/w5500_interface.o
                0x0000000008000cfc                spi_wb
 .text.configureMCU
                0x0000000008000d20       0x18 ./Core/Src/w5500_interface.o
                0x0000000008000d20                configureMCU
 .text.initializeW5500
                0x0000000008000d38       0x9c ./Core/Src/w5500_interface.o
                0x0000000008000d38                initializeW5500
 .text.Socket_sendUDP
                0x0000000008000dd4       0x46 ./Core/Src/w5500_interface.o
                0x0000000008000dd4                Socket_sendUDP
 .text.SystemClock_Config
                0x0000000008000e1a       0x82 ./Core/Src/w5500_interface.o
                0x0000000008000e1a                SystemClock_Config
 .text.MX_SPI1_Init
                0x0000000008000e9c       0x6c ./Core/Src/w5500_interface.o
                0x0000000008000e9c                MX_SPI1_Init
 .text.MX_GPIO_Init
                0x0000000008000f08       0x64 ./Core/Src/w5500_interface.o
                0x0000000008000f08                MX_GPIO_Init
 .text.Error_Handler
                0x0000000008000f6c        0xa ./Core/Src/w5500_interface.o
                0x0000000008000f6c                Error_Handler
 .text.wizchip_cris_enter
                0x0000000008000f76        0xc ./Core/Src/wizchip_conf.o
                0x0000000008000f76                wizchip_cris_enter
 .text.wizchip_cris_exit
                0x0000000008000f82        0xc ./Core/Src/wizchip_conf.o
                0x0000000008000f82                wizchip_cris_exit
 .text.wizchip_cs_select
                0x0000000008000f8e        0xc ./Core/Src/wizchip_conf.o
                0x0000000008000f8e                wizchip_cs_select
 .text.wizchip_cs_deselect
                0x0000000008000f9a        0xc ./Core/Src/wizchip_conf.o
                0x0000000008000f9a                wizchip_cs_deselect
 .text.wizchip_bus_readdata
                0x0000000008000fa6       0x18 ./Core/Src/wizchip_conf.o
                0x0000000008000fa6                wizchip_bus_readdata
 .text.wizchip_bus_writedata
                0x0000000008000fbe       0x1c ./Core/Src/wizchip_conf.o
                0x0000000008000fbe                wizchip_bus_writedata
 .text.wizchip_spi_readbyte
                0x0000000008000fda        0xe ./Core/Src/wizchip_conf.o
                0x0000000008000fda                wizchip_spi_readbyte
 .text.wizchip_spi_writebyte
                0x0000000008000fe8       0x14 ./Core/Src/wizchip_conf.o
                0x0000000008000fe8                wizchip_spi_writebyte
 .text.reg_wizchip_cs_cbfunc
                0x0000000008000ffc       0x48 ./Core/Src/wizchip_conf.o
                0x0000000008000ffc                reg_wizchip_cs_cbfunc
 .text.reg_wizchip_spi_cbfunc
                0x0000000008001044       0x58 ./Core/Src/wizchip_conf.o
                0x0000000008001044                reg_wizchip_spi_cbfunc
 .text.wizchip_sw_reset
                0x000000000800109c       0x98 ./Core/Src/wizchip_conf.o
                0x000000000800109c                wizchip_sw_reset
 .text.wizchip_init
                0x0000000008001134      0x118 ./Core/Src/wizchip_conf.o
                0x0000000008001134                wizchip_init
 .text.wizchip_setnetinfo
                0x000000000800124c       0x80 ./Core/Src/wizchip_conf.o
                0x000000000800124c                wizchip_setnetinfo
 .text.Reset_Handler
                0x00000000080012cc       0x48 ./Core/Startup/startup_stm32f103c8tx.o
                0x00000000080012cc                Reset_Handler
 .text.Default_Handler
                0x0000000008001314        0x2 ./Core/Startup/startup_stm32f103c8tx.o
                0x0000000008001314                RTC_Alarm_IRQHandler
                0x0000000008001314                EXTI2_IRQHandler
                0x0000000008001314                TIM1_CC_IRQHandler
                0x0000000008001314                PVD_IRQHandler
                0x0000000008001314                EXTI3_IRQHandler
                0x0000000008001314                EXTI0_IRQHandler
                0x0000000008001314                I2C2_EV_IRQHandler
                0x0000000008001314                ADC1_2_IRQHandler
                0x0000000008001314                SPI1_IRQHandler
                0x0000000008001314                TAMPER_IRQHandler
                0x0000000008001314                DMA1_Channel4_IRQHandler
                0x0000000008001314                USART3_IRQHandler
                0x0000000008001314                RTC_IRQHandler
                0x0000000008001314                DMA1_Channel7_IRQHandler
                0x0000000008001314                CAN1_RX1_IRQHandler
                0x0000000008001314                TIM4_IRQHandler
                0x0000000008001314                I2C1_EV_IRQHandler
                0x0000000008001314                DMA1_Channel6_IRQHandler
                0x0000000008001314                TIM3_IRQHandler
                0x0000000008001314                RCC_IRQHandler
                0x0000000008001314                TIM1_TRG_COM_IRQHandler
                0x0000000008001314                DMA1_Channel1_IRQHandler
                0x0000000008001314                Default_Handler
                0x0000000008001314                EXTI15_10_IRQHandler
                0x0000000008001314                EXTI9_5_IRQHandler
                0x0000000008001314                SPI2_IRQHandler
                0x0000000008001314                DMA1_Channel5_IRQHandler
                0x0000000008001314                EXTI4_IRQHandler
                0x0000000008001314                USB_LP_CAN1_RX0_IRQHandler
                0x0000000008001314                USB_HP_CAN1_TX_IRQHandler
                0x0000000008001314                DMA1_Channel3_IRQHandler
                0x0000000008001314                TIM1_UP_IRQHandler
                0x0000000008001314                WWDG_IRQHandler
                0x0000000008001314                TIM2_IRQHandler
                0x0000000008001314                TIM1_BRK_IRQHandler
                0x0000000008001314                EXTI1_IRQHandler
                0x0000000008001314                USART2_IRQHandler
                0x0000000008001314                I2C2_ER_IRQHandler
                0x0000000008001314                DMA1_Channel2_IRQHandler
                0x0000000008001314                CAN1_SCE_IRQHandler
                0x0000000008001314                FLASH_IRQHandler
                0x0000000008001314                USART1_IRQHandler
                0x0000000008001314                I2C1_ER_IRQHandler
                0x0000000008001314                USBWakeUp_IRQHandler
 *fill*         0x0000000008001316        0x2 
 .text.HAL_Init
                0x0000000008001318       0x2c ./Drivers/STM32F1xx_HAL_Driver/Src/stm32f1xx_hal.o
                0x0000000008001318                HAL_Init
 .text.HAL_InitTick
                0x0000000008001344       0x60 ./Drivers/STM32F1xx_HAL_Driver/Src/stm32f1xx_hal.o
                0x0000000008001344                HAL_InitTick
 .text.HAL_IncTick
                0x00000000080013a4       0x24 ./Drivers/STM32F1xx_HAL_Driver/Src/stm32f1xx_hal.o
                0x00000000080013a4                HAL_IncTick
 .text.HAL_GetTick
                0x00000000080013c8       0x14 ./Drivers/STM32F1xx_HAL_Driver/Src/stm32f1xx_hal.o
                0x00000000080013c8                HAL_GetTick
 .text.__NVIC_SetPriorityGrouping
                0x00000000080013dc       0x48 ./Drivers/STM32F1xx_HAL_Driver/Src/stm32f1xx_hal_cortex.o
 .text.__NVIC_GetPriorityGrouping
                0x0000000008001424       0x1c ./Drivers/STM32F1xx_HAL_Driver/Src/stm32f1xx_hal_cortex.o
 .text.__NVIC_SetPriority
                0x0000000008001440       0x54 ./Drivers/STM32F1xx_HAL_Driver/Src/stm32f1xx_hal_cortex.o
 .text.NVIC_EncodePriority
                0x0000000008001494       0x64 ./Drivers/STM32F1xx_HAL_Driver/Src/stm32f1xx_hal_cortex.o
 .text.SysTick_Config
                0x00000000080014f8       0x44 ./Drivers/STM32F1xx_HAL_Driver/Src/stm32f1xx_hal_cortex.o
 .text.HAL_NVIC_SetPriorityGrouping
                0x000000000800153c       0x16 ./Drivers/STM32F1xx_HAL_Driver/Src/stm32f1xx_hal_cortex.o
                0x000000000800153c                HAL_NVIC_SetPriorityGrouping
 .text.HAL_NVIC_SetPriority
                0x0000000008001552       0x38 ./Drivers/STM32F1xx_HAL_Driver/Src/stm32f1xx_hal_cortex.o
                0x0000000008001552                HAL_NVIC_SetPriority
 .text.HAL_SYSTICK_Config
                0x000000000800158a       0x18 ./Drivers/STM32F1xx_HAL_Driver/Src/stm32f1xx_hal_cortex.o
                0x000000000800158a                HAL_SYSTICK_Config
 *fill*         0x00000000080015a2        0x2 
 .text.HAL_GPIO_Init
                0x00000000080015a4      0x308 ./Drivers/STM32F1xx_HAL_Driver/Src/stm32f1xx_hal_gpio.o
                0x00000000080015a4                HAL_GPIO_Init
 .text.HAL_GPIO_WritePin
                0x00000000080018ac       0x30 ./Drivers/STM32F1xx_HAL_Driver/Src/stm32f1xx_hal_gpio.o
                0x00000000080018ac                HAL_GPIO_WritePin
 .text.HAL_RCC_OscConfig
                0x00000000080018dc      0x504 ./Drivers/STM32F1xx_HAL_Driver/Src/stm32f1xx_hal_rcc.o
                0x00000000080018dc                HAL_RCC_OscConfig
 .text.HAL_RCC_ClockConfig
                0x0000000008001de0      0x1d4 ./Drivers/STM32F1xx_HAL_Driver/Src/stm32f1xx_hal_rcc.o
                0x0000000008001de0                HAL_RCC_ClockConfig
 .text.HAL_RCC_GetSysClockFreq
                0x0000000008001fb4       0xbc ./Drivers/STM32F1xx_HAL_Driver/Src/stm32f1xx_hal_rcc.o
                0x0000000008001fb4                HAL_RCC_GetSysClockFreq
 .text.RCC_Delay
                0x0000000008002070       0x3c ./Drivers/STM32F1xx_HAL_Driver/Src/stm32f1xx_hal_rcc.o
 .text.HAL_SPI_Init
                0x00000000080020ac      0x108 ./Drivers/STM32F1xx_HAL_Driver/Src/stm32f1xx_hal_spi.o
                0x00000000080020ac                HAL_SPI_Init
 .text.HAL_SPI_Transmit
                0x00000000080021b4      0x278 ./Drivers/STM32F1xx_HAL_Driver/Src/stm32f1xx_hal_spi.o
                0x00000000080021b4                HAL_SPI_Transmit
 .text.HAL_SPI_Receive
                0x000000000800242c      0x222 ./Drivers/STM32F1xx_HAL_Driver/Src/stm32f1xx_hal_spi.o
                0x000000000800242c                HAL_SPI_Receive
 .text.HAL_SPI_TransmitReceive
                0x000000000800264e      0x344 ./Drivers/STM32F1xx_HAL_Driver/Src/stm32f1xx_hal_spi.o
                0x000000000800264e                HAL_SPI_TransmitReceive
 *fill*         0x0000000008002992        0x2 
 .text.SPI_WaitFlagStateUntilTimeout
                0x0000000008002994      0x110 ./Drivers/STM32F1xx_HAL_Driver/Src/stm32f1xx_hal_spi.o
 .text.SPI_EndRxTransaction
                0x0000000008002aa4       0xa4 ./Drivers/STM32F1xx_HAL_Driver/Src/stm32f1xx_hal_spi.o
 .text.SPI_EndRxTxTransaction
                0x0000000008002b48       0x3c ./Drivers/STM32F1xx_HAL_Driver/Src/stm32f1xx_hal_spi.o
 .text.__libc_init_array
                0x0000000008002b84       0x48 e:/stm32cubeide_1.11.0/stm32cubeide/plugins/com.st.stm32cube.ide.mcu.externaltools.gnu-tools-for-stm32.10.3-2021.10.win32_1.0.100.202210260954/tools/bin/../lib/gcc/arm-none-eabi/10.3.1/../../../../arm-none-eabi/lib/thumb/v7-m/nofp\libc_nano.a(lib_a-init.o)
                0x0000000008002b84                __libc_init_array
 .text.memset   0x0000000008002bcc       0x10 e:/stm32cubeide_1.11.0/stm32cubeide/plugins/com.st.stm32cube.ide.mcu.externaltools.gnu-tools-for-stm32.10.3-2021.10.win32_1.0.100.202210260954/tools/bin/../lib/gcc/arm-none-eabi/10.3.1/../../../../arm-none-eabi/lib/thumb/v7-m/nofp\libc_nano.a(lib_a-memset.o)
                0x0000000008002bcc                memset
 *(.glue_7)
 .glue_7        0x0000000008002bdc        0x0 linker stubs
 *(.glue_7t)
 .glue_7t       0x0000000008002bdc        0x0 linker stubs
 *(.eh_frame)
 .eh_frame      0x0000000008002bdc        0x0 e:/stm32cubeide_1.11.0/stm32cubeide/plugins/com.st.stm32cube.ide.mcu.externaltools.gnu-tools-for-stm32.10.3-2021.10.win32_1.0.100.202210260954/tools/bin/../lib/gcc/arm-none-eabi/10.3.1/thumb/v7-m/nofp/crtbegin.o
 *(.init)
 .init          0x0000000008002bdc        0x4 e:/stm32cubeide_1.11.0/stm32cubeide/plugins/com.st.stm32cube.ide.mcu.externaltools.gnu-tools-for-stm32.10.3-2021.10.win32_1.0.100.202210260954/tools/bin/../lib/gcc/arm-none-eabi/10.3.1/thumb/v7-m/nofp/crti.o
                0x0000000008002bdc                _init
 .init          0x0000000008002be0        0x8 e:/stm32cubeide_1.11.0/stm32cubeide/plugins/com.st.stm32cube.ide.mcu.externaltools.gnu-tools-for-stm32.10.3-2021.10.win32_1.0.100.202210260954/tools/bin/../lib/gcc/arm-none-eabi/10.3.1/thumb/v7-m/nofp/crtn.o
 *(.fini)
 .fini          0x0000000008002be8        0x4 e:/stm32cubeide_1.11.0/stm32cubeide/plugins/com.st.stm32cube.ide.mcu.externaltools.gnu-tools-for-stm32.10.3-2021.10.win32_1.0.100.202210260954/tools/bin/../lib/gcc/arm-none-eabi/10.3.1/thumb/v7-m/nofp/crti.o
                0x0000000008002be8                _fini
 .fini          0x0000000008002bec        0x8 e:/stm32cubeide_1.11.0/stm32cubeide/plugins/com.st.stm32cube.ide.mcu.externaltools.gnu-tools-for-stm32.10.3-2021.10.win32_1.0.100.202210260954/tools/bin/../lib/gcc/arm-none-eabi/10.3.1/thumb/v7-m/nofp/crtn.o
                0x0000000008002bf4                . = ALIGN (0x4)
                0x0000000008002bf4                _etext = .

.vfp11_veneer   0x0000000008002bf4        0x0
 .vfp11_veneer  0x0000000008002bf4        0x0 linker stubs

.v4_bx          0x0000000008002bf4        0x0
 .v4_bx         0x0000000008002bf4        0x0 linker stubs

.iplt           0x0000000008002bf4        0x0
 .iplt          0x0000000008002bf4        0x0 e:/stm32cubeide_1.11.0/stm32cubeide/plugins/com.st.stm32cube.ide.mcu.externaltools.gnu-tools-for-stm32.10.3-2021.10.win32_1.0.100.202210260954/tools/bin/../lib/gcc/arm-none-eabi/10.3.1/thumb/v7-m/nofp/crtbegin.o

.rodata         0x0000000008002bf4       0x3c
                0x0000000008002bf4                . = ALIGN (0x4)
 *(.rodata)
 .rodata        0x0000000008002bf4       0x14 ./Core/Src/main.o
 .rodata        0x0000000008002c08        0x8 ./Core/Src/w5500_interface.o
 .rodata        0x0000000008002c10       0x10 ./Drivers/STM32F1xx_HAL_Driver/Src/stm32f1xx_hal_rcc.o
 *(.rodata*)
 .rodata.AHBPrescTable
                0x0000000008002c20       0x10 ./Core/Src/system_stm32f1xx.o
                0x0000000008002c20                AHBPrescTable
                0x0000000008002c30                . = ALIGN (0x4)

.rel.dyn        0x0000000008002c30        0x0
 .rel.iplt      0x0000000008002c30        0x0 e:/stm32cubeide_1.11.0/stm32cubeide/plugins/com.st.stm32cube.ide.mcu.externaltools.gnu-tools-for-stm32.10.3-2021.10.win32_1.0.100.202210260954/tools/bin/../lib/gcc/arm-none-eabi/10.3.1/thumb/v7-m/nofp/crtbegin.o

.ARM.extab      0x0000000008002c30        0x0
                0x0000000008002c30                . = ALIGN (0x4)
 *(.ARM.extab* .gnu.linkonce.armextab.*)
                0x0000000008002c30                . = ALIGN (0x4)

.ARM            0x0000000008002c30        0x0
                0x0000000008002c30                . = ALIGN (0x4)
                0x0000000008002c30                __exidx_start = .
 *(.ARM.exidx*)
                0x0000000008002c30                __exidx_end = .
                0x0000000008002c30                . = ALIGN (0x4)

.preinit_array  0x0000000008002c30        0x0
                0x0000000008002c30                . = ALIGN (0x4)
                0x0000000008002c30                PROVIDE (__preinit_array_start = .)
 *(.preinit_array*)
                0x0000000008002c30                PROVIDE (__preinit_array_end = .)
                0x0000000008002c30                . = ALIGN (0x4)

.init_array     0x0000000008002c30        0x4
                0x0000000008002c30                . = ALIGN (0x4)
                0x0000000008002c30                PROVIDE (__init_array_start = .)
 *(SORT_BY_NAME(.init_array.*))
 *(.init_array*)
 .init_array    0x0000000008002c30        0x4 e:/stm32cubeide_1.11.0/stm32cubeide/plugins/com.st.stm32cube.ide.mcu.externaltools.gnu-tools-for-stm32.10.3-2021.10.win32_1.0.100.202210260954/tools/bin/../lib/gcc/arm-none-eabi/10.3.1/thumb/v7-m/nofp/crtbegin.o
                0x0000000008002c34                PROVIDE (__init_array_end = .)
                0x0000000008002c34                . = ALIGN (0x4)

.fini_array     0x0000000008002c34        0x4
                0x0000000008002c34                . = ALIGN (0x4)
                [!provide]                        PROVIDE (__fini_array_start = .)
 *(SORT_BY_NAME(.fini_array.*))
 *(.fini_array*)
 .fini_array    0x0000000008002c34        0x4 e:/stm32cubeide_1.11.0/stm32cubeide/plugins/com.st.stm32cube.ide.mcu.externaltools.gnu-tools-for-stm32.10.3-2021.10.win32_1.0.100.202210260954/tools/bin/../lib/gcc/arm-none-eabi/10.3.1/thumb/v7-m/nofp/crtbegin.o
                [!provide]                        PROVIDE (__fini_array_end = .)
                0x0000000008002c38                . = ALIGN (0x4)
                0x0000000008002c38                _sidata = LOADADDR (.data)

.data           0x0000000020000000       0x3c load address 0x0000000008002c38
                0x0000000020000000                . = ALIGN (0x4)
                0x0000000020000000                _sdata = .
 *(.data)
 *(.data*)
 .data.sock_any_port
                0x0000000020000000        0x2 ./Core/Src/socket.o
 *fill*         0x0000000020000002        0x2 
 .data.SystemCoreClock
                0x0000000020000004        0x4 ./Core/Src/system_stm32f1xx.o
                0x0000000020000004                SystemCoreClock
 .data.WIZCHIP  0x0000000020000008       0x2c ./Core/Src/wizchip_conf.o
                0x0000000020000008                WIZCHIP
 .data.uwTickPrio
                0x0000000020000034        0x4 ./Drivers/STM32F1xx_HAL_Driver/Src/stm32f1xx_hal.o
                0x0000000020000034                uwTickPrio
 .data.uwTickFreq
                0x0000000020000038        0x1 ./Drivers/STM32F1xx_HAL_Driver/Src/stm32f1xx_hal.o
                0x0000000020000038                uwTickFreq
 *(.RamFunc)
 *(.RamFunc*)
                0x000000002000003c                . = ALIGN (0x4)
 *fill*         0x0000000020000039        0x3 
                0x000000002000003c                _edata = .

.igot.plt       0x000000002000003c        0x0 load address 0x0000000008002c74
 .igot.plt      0x000000002000003c        0x0 e:/stm32cubeide_1.11.0/stm32cubeide/plugins/com.st.stm32cube.ide.mcu.externaltools.gnu-tools-for-stm32.10.3-2021.10.win32_1.0.100.202210260954/tools/bin/../lib/gcc/arm-none-eabi/10.3.1/thumb/v7-m/nofp/crtbegin.o
                0x000000002000003c                . = ALIGN (0x4)

.bss            0x000000002000003c       0x9c load address 0x0000000008002c74
                0x000000002000003c                _sbss = .
                0x000000002000003c                __bss_start__ = _sbss
 *(.bss)
 .bss           0x000000002000003c       0x1c e:/stm32cubeide_1.11.0/stm32cubeide/plugins/com.st.stm32cube.ide.mcu.externaltools.gnu-tools-for-stm32.10.3-2021.10.win32_1.0.100.202210260954/tools/bin/../lib/gcc/arm-none-eabi/10.3.1/thumb/v7-m/nofp/crtbegin.o
 *(.bss*)
 .bss.sock_io_mode
                0x0000000020000058        0x2 ./Core/Src/socket.o
 .bss.sock_is_sending
                0x000000002000005a        0x2 ./Core/Src/socket.o
 .bss.sock_remained_size
                0x000000002000005c       0x10 ./Core/Src/socket.o
 .bss.sock_pack_info
                0x000000002000006c        0x8 ./Core/Src/socket.o
                0x000000002000006c                sock_pack_info
 .bss.hspi1     0x0000000020000074       0x58 ./Core/Src/w5500_interface.o
                0x0000000020000074                hspi1
 .bss._DNS_     0x00000000200000cc        0x4 ./Core/Src/wizchip_conf.o
 .bss._DHCP_    0x00000000200000d0        0x1 ./Core/Src/wizchip_conf.o
 *fill*         0x00000000200000d1        0x3 
 .bss.uwTick    0x00000000200000d4        0x4 ./Drivers/STM32F1xx_HAL_Driver/Src/stm32f1xx_hal.o
                0x00000000200000d4                uwTick
 *(COMMON)
                0x00000000200000d8                . = ALIGN (0x4)
                0x00000000200000d8                _ebss = .
                0x00000000200000d8                __bss_end__ = _ebss

._user_heap_stack
                0x00000000200000d8      0x600 load address 0x0000000008002c74
                0x00000000200000d8                . = ALIGN (0x8)
                [!provide]                        PROVIDE (end = .)
                0x00000000200000d8                PROVIDE (_end = .)
                0x00000000200002d8                . = (. + _Min_Heap_Size)
 *fill*         0x00000000200000d8      0x200 
                0x00000000200006d8                . = (. + _Min_Stack_Size)
 *fill*         0x00000000200002d8      0x400 
                0x00000000200006d8                . = ALIGN (0x8)

/DISCARD/
 libc.a(*)
 libm.a(*)
 libgcc.a(*)

.ARM.attributes
                0x0000000000000000       0x29
 *(.ARM.attributes)
 .ARM.attributes
                0x0000000000000000       0x1d e:/stm32cubeide_1.11.0/stm32cubeide/plugins/com.st.stm32cube.ide.mcu.externaltools.gnu-tools-for-stm32.10.3-2021.10.win32_1.0.100.202210260954/tools/bin/../lib/gcc/arm-none-eabi/10.3.1/thumb/v7-m/nofp/crti.o
 .ARM.attributes
                0x000000000000001d       0x2d e:/stm32cubeide_1.11.0/stm32cubeide/plugins/com.st.stm32cube.ide.mcu.externaltools.gnu-tools-for-stm32.10.3-2021.10.win32_1.0.100.202210260954/tools/bin/../lib/gcc/arm-none-eabi/10.3.1/thumb/v7-m/nofp/crtbegin.o
 .ARM.attributes
                0x000000000000004a       0x2d ./Core/Src/main.o
 .ARM.attributes
                0x0000000000000077       0x2d ./Core/Src/socket.o
 .ARM.attributes
                0x00000000000000a4       0x2d ./Core/Src/stm32f1xx_hal_msp.o
 .ARM.attributes
                0x00000000000000d1       0x2d ./Core/Src/stm32f1xx_it.o
 .ARM.attributes
                0x00000000000000fe       0x2d ./Core/Src/system_stm32f1xx.o
 .ARM.attributes
                0x000000000000012b       0x2d ./Core/Src/w5500.o
 .ARM.attributes
                0x0000000000000158       0x2d ./Core/Src/w5500_interface.o
 .ARM.attributes
                0x0000000000000185       0x2d ./Core/Src/wizchip_conf.o
 .ARM.attributes
                0x00000000000001b2       0x21 ./Core/Startup/startup_stm32f103c8tx.o
 .ARM.attributes
                0x00000000000001d3       0x2d ./Drivers/STM32F1xx_HAL_Driver/Src/stm32f1xx_hal.o
 .ARM.attributes
                0x0000000000000200       0x2d ./Drivers/STM32F1xx_HAL_Driver/Src/stm32f1xx_hal_cortex.o
 .ARM.attributes
                0x000000000000022d       0x2d ./Drivers/STM32F1xx_HAL_Driver/Src/stm32f1xx_hal_gpio.o
 .ARM.attributes
                0x000000000000025a       0x2d ./Drivers/STM32F1xx_HAL_Driver/Src/stm32f1xx_hal_rcc.o
 .ARM.attributes
                0x0000000000000287       0x2d ./Drivers/STM32F1xx_HAL_Driver/Src/stm32f1xx_hal_spi.o
 .ARM.attributes
                0x00000000000002b4       0x2d e:/stm32cubeide_1.11.0/stm32cubeide/plugins/com.st.stm32cube.ide.mcu.externaltools.gnu-tools-for-stm32.10.3-2021.10.win32_1.0.100.202210260954/tools/bin/../lib/gcc/arm-none-eabi/10.3.1/../../../../arm-none-eabi/lib/thumb/v7-m/nofp\libc_nano.a(lib_a-init.o)
 .ARM.attributes
                0x00000000000002e1       0x2d e:/stm32cubeide_1.11.0/stm32cubeide/plugins/com.st.stm32cube.ide.mcu.externaltools.gnu-tools-for-stm32.10.3-2021.10.win32_1.0.100.202210260954/tools/bin/../lib/gcc/arm-none-eabi/10.3.1/../../../../arm-none-eabi/lib/thumb/v7-m/nofp\libc_nano.a(lib_a-memset.o)
 .ARM.attributes
                0x000000000000030e       0x17 e:/stm32cubeide_1.11.0/stm32cubeide/plugins/com.st.stm32cube.ide.mcu.externaltools.gnu-tools-for-stm32.10.3-2021.10.win32_1.0.100.202210260954/tools/bin/../lib/gcc/arm-none-eabi/10.3.1/../../../../arm-none-eabi/lib/thumb/v7-m/nofp\libc_nano.a(lib_a-strlen.o)
 .ARM.attributes
                0x0000000000000325       0x1d e:/stm32cubeide_1.11.0/stm32cubeide/plugins/com.st.stm32cube.ide.mcu.externaltools.gnu-tools-for-stm32.10.3-2021.10.win32_1.0.100.202210260954/tools/bin/../lib/gcc/arm-none-eabi/10.3.1/thumb/v7-m/nofp/crtn.o
OUTPUT(SPI-to-Ethernet.elf elf32-littlearm)
LOAD linker stubs
LOAD e:/stm32cubeide_1.11.0/stm32cubeide/plugins/com.st.stm32cube.ide.mcu.externaltools.gnu-tools-for-stm32.10.3-2021.10.win32_1.0.100.202210260954/tools/bin/../lib/gcc/arm-none-eabi/10.3.1/../../../../arm-none-eabi/lib/thumb/v7-m/nofp\libc.a
LOAD e:/stm32cubeide_1.11.0/stm32cubeide/plugins/com.st.stm32cube.ide.mcu.externaltools.gnu-tools-for-stm32.10.3-2021.10.win32_1.0.100.202210260954/tools/bin/../lib/gcc/arm-none-eabi/10.3.1/../../../../arm-none-eabi/lib/thumb/v7-m/nofp\libm.a
LOAD e:/stm32cubeide_1.11.0/stm32cubeide/plugins/com.st.stm32cube.ide.mcu.externaltools.gnu-tools-for-stm32.10.3-2021.10.win32_1.0.100.202210260954/tools/bin/../lib/gcc/arm-none-eabi/10.3.1/thumb/v7-m/nofp\libgcc.a

.debug_info     0x0000000000000000     0x6c9a
 .debug_info    0x0000000000000000      0x1f2 ./Core/Src/main.o
 .debug_info    0x00000000000001f2      0x78a ./Core/Src/socket.o
 .debug_info    0x000000000000097c      0x7f5 ./Core/Src/stm32f1xx_hal_msp.o
 .debug_info    0x0000000000001171      0x122 ./Core/Src/stm32f1xx_it.o
 .debug_info    0x0000000000001293      0x23d ./Core/Src/system_stm32f1xx.o
 .debug_info    0x00000000000014d0      0x586 ./Core/Src/w5500.o
 .debug_info    0x0000000000001a56      0xdcb ./Core/Src/w5500_interface.o
 .debug_info    0x0000000000002821      0xd36 ./Core/Src/wizchip_conf.o
 .debug_info    0x0000000000003557       0x22 ./Core/Startup/startup_stm32f103c8tx.o
 .debug_info    0x0000000000003579      0x734 ./Drivers/STM32F1xx_HAL_Driver/Src/stm32f1xx_hal.o
 .debug_info    0x0000000000003cad      0xb20 ./Drivers/STM32F1xx_HAL_Driver/Src/stm32f1xx_hal_cortex.o
 .debug_info    0x00000000000047cd      0x615 ./Drivers/STM32F1xx_HAL_Driver/Src/stm32f1xx_hal_gpio.o
 .debug_info    0x0000000000004de2      0x860 ./Drivers/STM32F1xx_HAL_Driver/Src/stm32f1xx_hal_rcc.o
 .debug_info    0x0000000000005642     0x1658 ./Drivers/STM32F1xx_HAL_Driver/Src/stm32f1xx_hal_spi.o

.debug_abbrev   0x0000000000000000     0x1994
 .debug_abbrev  0x0000000000000000       0xe2 ./Core/Src/main.o
 .debug_abbrev  0x00000000000000e2      0x1ae ./Core/Src/socket.o
 .debug_abbrev  0x0000000000000290      0x182 ./Core/Src/stm32f1xx_hal_msp.o
 .debug_abbrev  0x0000000000000412       0x74 ./Core/Src/stm32f1xx_it.o
 .debug_abbrev  0x0000000000000486      0x13b ./Core/Src/system_stm32f1xx.o
 .debug_abbrev  0x00000000000005c1      0x211 ./Core/Src/w5500.o
 .debug_abbrev  0x00000000000007d2      0x2ed ./Core/Src/w5500_interface.o
 .debug_abbrev  0x0000000000000abf      0x30a ./Core/Src/wizchip_conf.o
 .debug_abbrev  0x0000000000000dc9       0x12 ./Core/Startup/startup_stm32f103c8tx.o
 .debug_abbrev  0x0000000000000ddb      0x1fb ./Drivers/STM32F1xx_HAL_Driver/Src/stm32f1xx_hal.o
 .debug_abbrev  0x0000000000000fd6      0x2ed ./Drivers/STM32F1xx_HAL_Driver/Src/stm32f1xx_hal_cortex.o
 .debug_abbrev  0x00000000000012c3      0x1bb ./Drivers/STM32F1xx_HAL_Driver/Src/stm32f1xx_hal_gpio.o
 .debug_abbrev  0x000000000000147e      0x2a8 ./Drivers/STM32F1xx_HAL_Driver/Src/stm32f1xx_hal_rcc.o
 .debug_abbrev  0x0000000000001726      0x26e ./Drivers/STM32F1xx_HAL_Driver/Src/stm32f1xx_hal_spi.o

.debug_aranges  0x0000000000000000      0x818
 .debug_aranges
                0x0000000000000000       0x20 ./Core/Src/main.o
 .debug_aranges
                0x0000000000000020       0x78 ./Core/Src/socket.o
 .debug_aranges
                0x0000000000000098       0x30 ./Core/Src/stm32f1xx_hal_msp.o
 .debug_aranges
                0x00000000000000c8       0x60 ./Core/Src/stm32f1xx_it.o
 .debug_aranges
                0x0000000000000128       0x28 ./Core/Src/system_stm32f1xx.o
 .debug_aranges
                0x0000000000000150       0x60 ./Core/Src/w5500.o
 .debug_aranges
                0x00000000000001b0       0x70 ./Core/Src/w5500_interface.o
 .debug_aranges
                0x0000000000000220      0x138 ./Core/Src/wizchip_conf.o
 .debug_aranges
                0x0000000000000358       0x28 ./Core/Startup/startup_stm32f103c8tx.o
 .debug_aranges
                0x0000000000000380       0xe0 ./Drivers/STM32F1xx_HAL_Driver/Src/stm32f1xx_hal.o
 .debug_aranges
                0x0000000000000460      0x100 ./Drivers/STM32F1xx_HAL_Driver/Src/stm32f1xx_hal_cortex.o
 .debug_aranges
                0x0000000000000560       0x58 ./Drivers/STM32F1xx_HAL_Driver/Src/stm32f1xx_hal_gpio.o
 .debug_aranges
                0x00000000000005b8       0x90 ./Drivers/STM32F1xx_HAL_Driver/Src/stm32f1xx_hal_rcc.o
 .debug_aranges
                0x0000000000000648      0x1d0 ./Drivers/STM32F1xx_HAL_Driver/Src/stm32f1xx_hal_spi.o

.debug_ranges   0x0000000000000000      0x758
 .debug_ranges  0x0000000000000000       0x10 ./Core/Src/main.o
 .debug_ranges  0x0000000000000010       0x80 ./Core/Src/socket.o
 .debug_ranges  0x0000000000000090       0x20 ./Core/Src/stm32f1xx_hal_msp.o
 .debug_ranges  0x00000000000000b0       0x50 ./Core/Src/stm32f1xx_it.o
 .debug_ranges  0x0000000000000100       0x18 ./Core/Src/system_stm32f1xx.o
 .debug_ranges  0x0000000000000118       0x50 ./Core/Src/w5500.o
 .debug_ranges  0x0000000000000168       0x60 ./Core/Src/w5500_interface.o
 .debug_ranges  0x00000000000001c8      0x128 ./Core/Src/wizchip_conf.o
 .debug_ranges  0x00000000000002f0       0x20 ./Core/Startup/startup_stm32f103c8tx.o
 .debug_ranges  0x0000000000000310       0xd0 ./Drivers/STM32F1xx_HAL_Driver/Src/stm32f1xx_hal.o
 .debug_ranges  0x00000000000003e0       0xf0 ./Drivers/STM32F1xx_HAL_Driver/Src/stm32f1xx_hal_cortex.o
 .debug_ranges  0x00000000000004d0       0x48 ./Drivers/STM32F1xx_HAL_Driver/Src/stm32f1xx_hal_gpio.o
 .debug_ranges  0x0000000000000518       0x80 ./Drivers/STM32F1xx_HAL_Driver/Src/stm32f1xx_hal_rcc.o
 .debug_ranges  0x0000000000000598      0x1c0 ./Drivers/STM32F1xx_HAL_Driver/Src/stm32f1xx_hal_spi.o

.debug_macro    0x0000000000000000    0x16904
 .debug_macro   0x0000000000000000      0x1d3 ./Core/Src/main.o
 .debug_macro   0x00000000000001d3      0xa6c ./Core/Src/main.o
 .debug_macro   0x0000000000000c3f      0x215 ./Core/Src/main.o
 .debug_macro   0x0000000000000e54       0x2e ./Core/Src/main.o
 .debug_macro   0x0000000000000e82       0x22 ./Core/Src/main.o
 .debug_macro   0x0000000000000ea4       0x22 ./Core/Src/main.o
 .debug_macro   0x0000000000000ec6       0x8e ./Core/Src/main.o
 .debug_macro   0x0000000000000f54       0x51 ./Core/Src/main.o
 .debug_macro   0x0000000000000fa5      0x103 ./Core/Src/main.o
 .debug_macro   0x00000000000010a8       0x6a ./Core/Src/main.o
 .debug_macro   0x0000000000001112      0x1df ./Core/Src/main.o
 .debug_macro   0x00000000000012f1       0x1c ./Core/Src/main.o
 .debug_macro   0x000000000000130d       0x22 ./Core/Src/main.o
 .debug_macro   0x000000000000132f       0xbd ./Core/Src/main.o
 .debug_macro   0x00000000000013ec      0xd23 ./Core/Src/main.o
 .debug_macro   0x000000000000210f     0xe09e ./Core/Src/main.o
 .debug_macro   0x00000000000101ad       0x6d ./Core/Src/main.o
 .debug_macro   0x000000000001021a     0x3468 ./Core/Src/main.o
 .debug_macro   0x0000000000013682      0x174 ./Core/Src/main.o
 .debug_macro   0x00000000000137f6       0x5c ./Core/Src/main.o
 .debug_macro   0x0000000000013852      0x5be ./Core/Src/main.o
 .debug_macro   0x0000000000013e10      0x289 ./Core/Src/main.o
 .debug_macro   0x0000000000014099      0x1cb ./Core/Src/main.o
 .debug_macro   0x0000000000014264      0x114 ./Core/Src/main.o
 .debug_macro   0x0000000000014378      0x1b2 ./Core/Src/main.o
 .debug_macro   0x000000000001452a       0x27 ./Core/Src/main.o
 .debug_macro   0x0000000000014551      0x136 ./Core/Src/main.o
 .debug_macro   0x0000000000014687      0x1bc ./Core/Src/main.o
 .debug_macro   0x0000000000014843       0x34 ./Core/Src/main.o
 .debug_macro   0x0000000000014877       0x3c ./Core/Src/main.o
 .debug_macro   0x00000000000148b3       0x57 ./Core/Src/main.o
 .debug_macro   0x000000000001490a       0x88 ./Core/Src/main.o
 .debug_macro   0x0000000000014992      0x241 ./Core/Src/main.o
 .debug_macro   0x0000000000014bd3      0x141 ./Core/Src/main.o
 .debug_macro   0x0000000000014d14      0x217 ./Core/Src/main.o
 .debug_macro   0x0000000000014f2b       0x83 ./Core/Src/main.o
 .debug_macro   0x0000000000014fae       0x6c ./Core/Src/main.o
 .debug_macro   0x000000000001501a      0x5e7 ./Core/Src/main.o
 .debug_macro   0x0000000000015601       0x66 ./Core/Src/main.o
 .debug_macro   0x0000000000015667       0xd8 ./Core/Src/main.o
 .debug_macro   0x000000000001573f       0xb8 ./Core/Src/socket.o
 .debug_macro   0x00000000000157f7       0x66 ./Core/Src/socket.o
 .debug_macro   0x000000000001585d      0x1d3 ./Core/Src/stm32f1xx_hal_msp.o
 .debug_macro   0x0000000000015a30      0x1dd ./Core/Src/stm32f1xx_it.o
 .debug_macro   0x0000000000015c0d      0x18e ./Core/Src/system_stm32f1xx.o
 .debug_macro   0x0000000000015d9b       0x9d ./Core/Src/w5500.o
 .debug_macro   0x0000000000015e38      0x1c9 ./Core/Src/w5500_interface.o
 .debug_macro   0x0000000000016001       0x94 ./Core/Src/wizchip_conf.o
 .debug_macro   0x0000000000016095      0x1b2 ./Drivers/STM32F1xx_HAL_Driver/Src/stm32f1xx_hal.o
 .debug_macro   0x0000000000016247      0x18e ./Drivers/STM32F1xx_HAL_Driver/Src/stm32f1xx_hal_cortex.o
 .debug_macro   0x00000000000163d5      0x1f9 ./Drivers/STM32F1xx_HAL_Driver/Src/stm32f1xx_hal_gpio.o
 .debug_macro   0x00000000000165ce      0x1a0 ./Drivers/STM32F1xx_HAL_Driver/Src/stm32f1xx_hal_rcc.o
 .debug_macro   0x000000000001676e      0x196 ./Drivers/STM32F1xx_HAL_Driver/Src/stm32f1xx_hal_spi.o

.debug_line     0x0000000000000000     0x8995
 .debug_line    0x0000000000000000      0x687 ./Core/Src/main.o
 .debug_line    0x0000000000000687      0xdc3 ./Core/Src/socket.o
 .debug_line    0x000000000000144a      0x6cc ./Core/Src/stm32f1xx_hal_msp.o
 .debug_line    0x0000000000001b16      0x73c ./Core/Src/stm32f1xx_it.o
 .debug_line    0x0000000000002252      0x6ba ./Core/Src/system_stm32f1xx.o
 .debug_line    0x000000000000290c      0x70a ./Core/Src/w5500.o
 .debug_line    0x0000000000003016      0x813 ./Core/Src/w5500_interface.o
 .debug_line    0x0000000000003829      0xb50 ./Core/Src/wizchip_conf.o
 .debug_line    0x0000000000004379       0x87 ./Core/Startup/startup_stm32f103c8tx.o
 .debug_line    0x0000000000004400      0x8e7 ./Drivers/STM32F1xx_HAL_Driver/Src/stm32f1xx_hal.o
 .debug_line    0x0000000000004ce7      0xacf ./Drivers/STM32F1xx_HAL_Driver/Src/stm32f1xx_hal_cortex.o
 .debug_line    0x00000000000057b6      0x97e ./Drivers/STM32F1xx_HAL_Driver/Src/stm32f1xx_hal_gpio.o
 .debug_line    0x0000000000006134      0xcf5 ./Drivers/STM32F1xx_HAL_Driver/Src/stm32f1xx_hal_rcc.o
 .debug_line    0x0000000000006e29     0x1b6c ./Drivers/STM32F1xx_HAL_Driver/Src/stm32f1xx_hal_spi.o

.debug_str      0x0000000000000000    0x81260
 .debug_str     0x0000000000000000    0x7ea60 ./Core/Src/main.o
                                      0x7ed94 (size before relaxing)
 .debug_str     0x000000000007ea60      0x493 ./Core/Src/socket.o
                                       0x6f55 (size before relaxing)
 .debug_str     0x000000000007eef3      0x454 ./Core/Src/stm32f1xx_hal_msp.o
                                      0x7f1db (size before relaxing)
 .debug_str     0x000000000007f347       0xc9 ./Core/Src/stm32f1xx_it.o
                                      0x7edc3 (size before relaxing)
 .debug_str     0x000000000007f410       0x7e ./Core/Src/system_stm32f1xx.o
                                      0x7bee4 (size before relaxing)
 .debug_str     0x000000000007f48e      0x14e ./Core/Src/w5500.o
                                       0x6916 (size before relaxing)
 .debug_str     0x000000000007f5dc      0x331 ./Core/Src/w5500_interface.o
                                      0x7f501 (size before relaxing)
 .debug_str     0x000000000007f90d      0x5d8 ./Core/Src/wizchip_conf.o
                                       0x71cc (size before relaxing)
 .debug_str     0x000000000007fee5       0x36 ./Core/Startup/startup_stm32f103c8tx.o
                                         0x59 (size before relaxing)
 .debug_str     0x000000000007ff1b      0x607 ./Drivers/STM32F1xx_HAL_Driver/Src/stm32f1xx_hal.o
                                      0x7c617 (size before relaxing)
 .debug_str     0x0000000000080522      0x2bb ./Drivers/STM32F1xx_HAL_Driver/Src/stm32f1xx_hal_cortex.o
                                      0x7c563 (size before relaxing)
 .debug_str     0x00000000000807dd      0x30a ./Drivers/STM32F1xx_HAL_Driver/Src/stm32f1xx_hal_gpio.o
                                      0x7c26a (size before relaxing)
 .debug_str     0x0000000000080ae7      0x229 ./Drivers/STM32F1xx_HAL_Driver/Src/stm32f1xx_hal_rcc.o
                                      0x7c313 (size before relaxing)
 .debug_str     0x0000000000080d10      0x550 ./Drivers/STM32F1xx_HAL_Driver/Src/stm32f1xx_hal_spi.o
                                      0x7c810 (size before relaxing)

.comment        0x0000000000000000       0x50
 .comment       0x0000000000000000       0x50 ./Core/Src/main.o
                                         0x51 (size before relaxing)
 .comment       0x0000000000000050       0x51 ./Core/Src/socket.o
 .comment       0x0000000000000050       0x51 ./Core/Src/stm32f1xx_hal_msp.o
 .comment       0x0000000000000050       0x51 ./Core/Src/stm32f1xx_it.o
 .comment       0x0000000000000050       0x51 ./Core/Src/system_stm32f1xx.o
 .comment       0x0000000000000050       0x51 ./Core/Src/w5500.o
 .comment       0x0000000000000050       0x51 ./Core/Src/w5500_interface.o
 .comment       0x0000000000000050       0x51 ./Core/Src/wizchip_conf.o
 .comment       0x0000000000000050       0x51 ./Drivers/STM32F1xx_HAL_Driver/Src/stm32f1xx_hal.o
 .comment       0x0000000000000050       0x51 ./Drivers/STM32F1xx_HAL_Driver/Src/stm32f1xx_hal_cortex.o
 .comment       0x0000000000000050       0x51 ./Drivers/STM32F1xx_HAL_Driver/Src/stm32f1xx_hal_gpio.o
 .comment       0x0000000000000050       0x51 ./Drivers/STM32F1xx_HAL_Driver/Src/stm32f1xx_hal_rcc.o
 .comment       0x0000000000000050       0x51 ./Drivers/STM32F1xx_HAL_Driver/Src/stm32f1xx_hal_spi.o

.debug_frame    0x0000000000000000     0x1f2c
 .debug_frame   0x0000000000000000       0x34 ./Core/Src/main.o
 .debug_frame   0x0000000000000034      0x1d4 ./Core/Src/socket.o
 .debug_frame   0x0000000000000208       0x80 ./Core/Src/stm32f1xx_hal_msp.o
 .debug_frame   0x0000000000000288      0x104 ./Core/Src/stm32f1xx_it.o
 .debug_frame   0x000000000000038c       0x58 ./Core/Src/system_stm32f1xx.o
 .debug_frame   0x00000000000003e4      0x16c ./Core/Src/w5500.o
 .debug_frame   0x0000000000000550      0x174 ./Core/Src/w5500_interface.o
 .debug_frame   0x00000000000006c4      0x534 ./Core/Src/wizchip_conf.o
 .debug_frame   0x0000000000000bf8      0x334 ./Drivers/STM32F1xx_HAL_Driver/Src/stm32f1xx_hal.o
 .debug_frame   0x0000000000000f2c      0x428 ./Drivers/STM32F1xx_HAL_Driver/Src/stm32f1xx_hal_cortex.o
 .debug_frame   0x0000000000001354      0x14c ./Drivers/STM32F1xx_HAL_Driver/Src/stm32f1xx_hal_gpio.o
 .debug_frame   0x00000000000014a0      0x21c ./Drivers/STM32F1xx_HAL_Driver/Src/stm32f1xx_hal_rcc.o
 .debug_frame   0x00000000000016bc      0x824 ./Drivers/STM32F1xx_HAL_Driver/Src/stm32f1xx_hal_spi.o
 .debug_frame   0x0000000000001ee0       0x2c e:/stm32cubeide_1.11.0/stm32cubeide/plugins/com.st.stm32cube.ide.mcu.externaltools.gnu-tools-for-stm32.10.3-2021.10.win32_1.0.100.202210260954/tools/bin/../lib/gcc/arm-none-eabi/10.3.1/../../../../arm-none-eabi/lib/thumb/v7-m/nofp\libc_nano.a(lib_a-init.o)
 .debug_frame   0x0000000000001f0c       0x20 e:/stm32cubeide_1.11.0/stm32cubeide/plugins/com.st.stm32cube.ide.mcu.externaltools.gnu-tools-for-stm32.10.3-2021.10.win32_1.0.100.202210260954/tools/bin/../lib/gcc/arm-none-eabi/10.3.1/../../../../arm-none-eabi/lib/thumb/v7-m/nofp\libc_nano.a(lib_a-memset.o)
