../Core/Src/w5500_interface.c:11:6:cs_sel	8	static
../Core/Src/w5500_interface.c:18:6:cs_desel	8	static
../Core/Src/w5500_interface.c:25:9:spi_rb	16	static
../Core/Src/w5500_interface.c:34:6:spi_wb	16	static
../Core/Src/w5500_interface.c:41:6:configureMCU	8	static
../Core/Src/w5500_interface.c:64:6:initializeW5500	56	static
../Core/Src/w5500_interface.c:91:6:Socket_sendUDP	40	static
../Core/Src/w5500_interface.c:99:6:SystemClock_Config	72	static
../Core/Src/w5500_interface.c:136:6:MX_SPI1_Init	8	static
../Core/Src/w5500_interface.c:161:6:MX_GPIO_Init	32	static
../Core/Src/w5500_interface.c:183:6:Error_Handler	4	static,ignoring_inline_asm
